
> car-dealership-frontend@0.1.0 test
> react-scripts test RegisterForm LoginForm --watchAll=false

PASS src/__tests__/LoginForm.test.js
  ● Console

    console.warn
      ⚠️ React Router Future Flag Warning: React Router will begin wrapping state updates in `React.startTransition` in v7. You can use the `v7_startTransition` future flag to opt-in early. For more information, see https://reactrouter.com/v6/upgrading/future#v7_starttransition.

    [0m [90m  9 |[39m
     [90m 10 |[39m [36mfunction[39m renderLoginForm() {
    [31m[1m>[22m[39m[90m 11 |[39m   [36mreturn[39m render(
     [90m    |[39m                [31m[1m^[22m[39m
     [90m 12 |[39m     [33m<[39m[33mMemoryRouter[39m[33m>[39m
     [90m 13 |[39m       [33m<[39m[33mAuthProvider[39m[33m>[39m
     [90m 14 |[39m         [33m<[39m[33mLoginForm[39m [33m/[39m[33m>[39m[0m

      at warnOnce (node_modules/react-router/lib/deprecations.ts:9:13)
      at logDeprecation (node_modules/react-router/lib/deprecations.ts:14:3)
      at logV6DeprecationWarnings (node_modules/react-router/lib/deprecations.ts:26:5)
      at node_modules/react-router/lib/components.tsx:257:25
      at commitHookEffectListMount (node_modules/react-dom/cjs/react-dom.development.js:23189:26)
      at commitPassiveMountOnFiber (node_modules/react-dom/cjs/react-dom.development.js:24970:11)
      at commitPassiveMountEffects_complete (node_modules/react-dom/cjs/react-dom.development.js:24930:9)
      at commitPassiveMountEffects_begin (node_modules/react-dom/cjs/react-dom.development.js:24917:7)
      at commitPassiveMountEffects (node_modules/react-dom/cjs/react-dom.development.js:24905:3)
      at flushPassiveEffectsImpl (node_modules/react-dom/cjs/react-dom.development.js:27078:3)
      at flushPassiveEffects (node_modules/react-dom/cjs/react-dom.development.js:27023:14)
      at node_modules/react-dom/cjs/react-dom.development.js:26808:9
      at flushActQueue (node_modules/react/cjs/react.development.js:2667:24)
      at act (node_modules/react/cjs/react.development.js:2582:11)
      at node_modules/@testing-library/react/dist/act-compat.js:47:25
      at renderRoot (node_modules/@testing-library/react/dist/pure.js:180:26)
      at render (node_modules/@testing-library/react/dist/pure.js:271:10)
      at renderLoginForm (src/__tests__/LoginForm.test.js:11:16)
      at Object.<anonymous> (src/__tests__/LoginForm.test.js:28:5)

    console.warn
      ⚠️ React Router Future Flag Warning: Relative route resolution within Splat routes is changing in v7. You can use the `v7_relativeSplatPath` future flag to opt-in early. For more information, see https://reactrouter.com/v6/upgrading/future#v7_relativesplatpath.

    [0m [90m  9 |[39m
     [90m 10 |[39m [36mfunction[39m renderLoginForm() {
    [31m[1m>[22m[39m[90m 11 |[39m   [36mreturn[39m render(
     [90m    |[39m                [31m[1m^[22m[39m
     [90m 12 |[39m     [33m<[39m[33mMemoryRouter[39m[33m>[39m
     [90m 13 |[39m       [33m<[39m[33mAuthProvider[39m[33m>[39m
     [90m 14 |[39m         [33m<[39m[33mLoginForm[39m [33m/[39m[33m>[39m[0m

      at warnOnce (node_modules/react-router/lib/deprecations.ts:9:13)
      at logDeprecation (node_modules/react-router/lib/deprecations.ts:14:3)
      at logV6DeprecationWarnings (node_modules/react-router/lib/deprecations.ts:37:5)
      at node_modules/react-router/lib/components.tsx:257:25
      at commitHookEffectListMount (node_modules/react-dom/cjs/react-dom.development.js:23189:26)
      at commitPassiveMountOnFiber (node_modules/react-dom/cjs/react-dom.development.js:24970:11)
      at commitPassiveMountEffects_complete (node_modules/react-dom/cjs/react-dom.development.js:24930:9)
      at commitPassiveMountEffects_begin (node_modules/react-dom/cjs/react-dom.development.js:24917:7)
      at commitPassiveMountEffects (node_modules/react-dom/cjs/react-dom.development.js:24905:3)
      at flushPassiveEffectsImpl (node_modules/react-dom/cjs/react-dom.development.js:27078:3)
      at flushPassiveEffects (node_modules/react-dom/cjs/react-dom.development.js:27023:14)
      at node_modules/react-dom/cjs/react-dom.development.js:26808:9
      at flushActQueue (node_modules/react/cjs/react.development.js:2667:24)
      at act (node_modules/react/cjs/react.development.js:2582:11)
      at node_modules/@testing-library/react/dist/act-compat.js:47:25
      at renderRoot (node_modules/@testing-library/react/dist/pure.js:180:26)
      at render (node_modules/@testing-library/react/dist/pure.js:271:10)
      at renderLoginForm (src/__tests__/LoginForm.test.js:11:16)
      at Object.<anonymous> (src/__tests__/LoginForm.test.js:28:5)

PASS src/__tests__/RegisterForm.test.js (5.489 s)
  ● Console

    console.warn
      ⚠️ React Router Future Flag Warning: React Router will begin wrapping state updates in `React.startTransition` in v7. You can use the `v7_startTransition` future flag to opt-in early. For more information, see https://reactrouter.com/v6/upgrading/future#v7_starttransition.

    [0m [90m  9 |[39m
     [90m 10 |[39m [36mfunction[39m renderRegisterForm() {
    [31m[1m>[22m[39m[90m 11 |[39m   [36mreturn[39m render(
     [90m    |[39m                [31m[1m^[22m[39m
     [90m 12 |[39m     [33m<[39m[33mMemoryRouter[39m initialEntries[33m=[39m{[[32m"/register"[39m]}[33m>[39m
     [90m 13 |[39m       [33m<[39m[33mAuthProvider[39m[33m>[39m
     [90m 14 |[39m         [33m<[39m[33mRoutes[39m[33m>[39m[0m

      at warnOnce (node_modules/react-router/lib/deprecations.ts:9:13)
      at logDeprecation (node_modules/react-router/lib/deprecations.ts:14:3)
      at logV6DeprecationWarnings (node_modules/react-router/lib/deprecations.ts:26:5)
      at node_modules/react-router/lib/components.tsx:257:25
      at commitHookEffectListMount (node_modules/react-dom/cjs/react-dom.development.js:23189:26)
      at commitPassiveMountOnFiber (node_modules/react-dom/cjs/react-dom.development.js:24970:11)
      at commitPassiveMountEffects_complete (node_modules/react-dom/cjs/react-dom.development.js:24930:9)
      at commitPassiveMountEffects_begin (node_modules/react-dom/cjs/react-dom.development.js:24917:7)
      at commitPassiveMountEffects (node_modules/react-dom/cjs/react-dom.development.js:24905:3)
      at flushPassiveEffectsImpl (node_modules/react-dom/cjs/react-dom.development.js:27078:3)
      at flushPassiveEffects (node_modules/react-dom/cjs/react-dom.development.js:27023:14)
      at node_modules/react-dom/cjs/react-dom.development.js:26808:9
      at flushActQueue (node_modules/react/cjs/react.development.js:2667:24)
      at act (node_modules/react/cjs/react.development.js:2582:11)
      at node_modules/@testing-library/react/dist/act-compat.js:47:25
      at renderRoot (node_modules/@testing-library/react/dist/pure.js:180:26)
      at render (node_modules/@testing-library/react/dist/pure.js:271:10)
      at renderRegisterForm (src/__tests__/RegisterForm.test.js:11:16)
      at Object.<anonymous> (src/__tests__/RegisterForm.test.js:29:5)

    console.warn
      ⚠️ React Router Future Flag Warning: Relative route resolution within Splat routes is changing in v7. You can use the `v7_relativeSplatPath` future flag to opt-in early. For more information, see https://reactrouter.com/v6/upgrading/future#v7_relativesplatpath.

    [0m [90m  9 |[39m
     [90m 10 |[39m [36mfunction[39m renderRegisterForm() {
    [31m[1m>[22m[39m[90m 11 |[39m   [36mreturn[39m render(
     [90m    |[39m                [31m[1m^[22m[39m
     [90m 12 |[39m     [33m<[39m[33mMemoryRouter[39m initialEntries[33m=[39m{[[32m"/register"[39m]}[33m>[39m
     [90m 13 |[39m       [33m<[39m[33mAuthProvider[39m[33m>[39m
     [90m 14 |[39m         [33m<[39m[33mRoutes[39m[33m>[39m[0m

      at warnOnce (node_modules/react-router/lib/deprecations.ts:9:13)
      at logDeprecation (node_modules/react-router/lib/deprecations.ts:14:3)
      at logV6DeprecationWarnings (node_modules/react-router/lib/deprecations.ts:37:5)
      at node_modules/react-router/lib/components.tsx:257:25
      at commitHookEffectListMount (node_modules/react-dom/cjs/react-dom.development.js:23189:26)
      at commitPassiveMountOnFiber (node_modules/react-dom/cjs/react-dom.development.js:24970:11)
      at commitPassiveMountEffects_complete (node_modules/react-dom/cjs/react-dom.development.js:24930:9)
      at commitPassiveMountEffects_begin (node_modules/react-dom/cjs/react-dom.development.js:24917:7)
      at commitPassiveMountEffects (node_modules/react-dom/cjs/react-dom.development.js:24905:3)
      at flushPassiveEffectsImpl (node_modules/react-dom/cjs/react-dom.development.js:27078:3)
      at flushPassiveEffects (node_modules/react-dom/cjs/react-dom.development.js:27023:14)
      at node_modules/react-dom/cjs/react-dom.development.js:26808:9
      at flushActQueue (node_modules/react/cjs/react.development.js:2667:24)
      at act (node_modules/react/cjs/react.development.js:2582:11)
      at node_modules/@testing-library/react/dist/act-compat.js:47:25
      at renderRoot (node_modules/@testing-library/react/dist/pure.js:180:26)
      at render (node_modules/@testing-library/react/dist/pure.js:271:10)
      at renderRegisterForm (src/__tests__/RegisterForm.test.js:11:16)
      at Object.<anonymous> (src/__tests__/RegisterForm.test.js:29:5)


Test Suites: 2 passed, 2 total
Tests:       9 passed, 9 total
Snapshots:   0 total
Time:        8.993 s
Ran all test suites matching /RegisterForm|LoginForm/i.
