============================= test session starts =============================
platform win32 -- Python 3.13.14, pytest-8.2.0, pluggy-1.6.0
django: version: 5.0.6, settings: config.settings (from ini)
rootdir: d:\Car_Dealership_Inventory_System\backend
configfile: pytest.ini
plugins: django-4.8.0
collected 17 items

accounts\tests\test_models.py .....                                      [ 29%]
accounts\tests\test_views.py ...........F                                [100%]

================================== FAILURES ===================================
_ TestVehicleWritePermissions.test_unauthenticated_user_cannot_list_vehicles __

self = <accounts.tests.test_views.TestVehicleWritePermissions object at 0x000002725E381150>
api_client = <rest_framework.test.APIClient object at 0x000002725EC5D5E0>
sample_vehicles = [<Vehicle: 2024 Toyota Camry>, <Vehicle: 2023 Honda Civic>, <Vehicle: 2022 Toyota Corolla>]

    def test_unauthenticated_user_cannot_list_vehicles(self, api_client, sample_vehicles):
        response = api_client.get(self.url)
>       assert response.status_code == status.HTTP_401_UNAUTHORIZED
E       assert 200 == 401
E        +  where 200 = <Response status_code=200, "application/json">.status_code
E        +  and   401 = status.HTTP_401_UNAUTHORIZED

accounts\tests\test_views.py:134: AssertionError
=========================== short test summary info ===========================
FAILED accounts/tests/test_views.py::TestVehicleWritePermissions::test_unauthenticated_user_cannot_list_vehicles
================== 1 failed, 16 passed in 414.09s (0:06:54) ===================
